python : F..........EEEEE..................
At line:1 char:123
+ ... p_srping_2026" ; python manage.py test 2>&1 > test_output.txt; Get-Co ...
+                      ~~~~~~~~~~~~~~~~~~~~~~~~~~~~~~~~~~~~~~~~~~~~
    + CategoryInfo          : NotSpecified: (F..........EEEEE................. 
   .:String) [], RemoteException
    + FullyQualifiedErrorId : NativeCommandError
 
======================================================================
ERROR: test_faq_suggestions_ranked_by_relevance (pages.tests.test_integration_m
essaging.MessageCreationAndFAQGenerationIntegrationTest.test_faq_suggestions_ra
nked_by_relevance)
INTEGRATION TEST: FAQ suggestions ranked by relevance
----------------------------------------------------------------------
Traceback (most recent call last):
  File "C:\Users\Microsoft\OneDrive\Documents\Software Engineering\opportunity_
app_srping_2026\opportunity_app_srping_2026\pages\tests\test_integration_messag
ing.py", line 198, in test_faq_suggestions_ranked_by_relevance
    print(f"\u2713 Message: {message_content}\n")
  File "C:\Program Files\WindowsApps\PythonSoftwareFoundation.Python.3.12_3.12.
2800.0_x64__qbz5n2kfra8p0\Lib\encodings\cp1252.py", line 19, in encode
    return codecs.charmap_encode(input,self.errors,encoding_table)[0]
           ^^^^^^^^^^^^^^^^^^^^^^^^^^^^^^^^^^^^^^^^^^^^^^^^^^^^^^^
UnicodeEncodeError: 'charmap' codec can't encode character '\u2713' in 
position 0: character maps to <undefined>

======================================================================
ERROR: test_message_creation_and_faq_generation_complete_flow (pages.tests.test
_integration_messaging.MessageCreationAndFAQGenerationIntegrationTest.test_mess
age_creation_and_faq_generation_complete_flow)
INTEGRATION TEST: Complete message creation and FAQ generation flow
----------------------------------------------------------------------
Traceback (most recent call last):
  File "C:\Users\Microsoft\OneDrive\Documents\Software Engineering\opportunity_
app_srping_2026\opportunity_app_srping_2026\pages\tests\test_integration_messag
ing.py", line 69, in test_message_creation_and_faq_generation_complete_flow
    print(f"\n\u2713 Step 1: Message created")
  File "C:\Program Files\WindowsApps\PythonSoftwareFoundation.Python.3.12_3.12.
2800.0_x64__qbz5n2kfra8p0\Lib\encodings\cp1252.py", line 19, in encode
    return codecs.charmap_encode(input,self.errors,encoding_table)[0]
           ^^^^^^^^^^^^^^^^^^^^^^^^^^^^^^^^^^^^^^^^^^^^^^^^^^^^^^^
UnicodeEncodeError: 'charmap' codec can't encode character '\u2713' in 
position 2: character maps to <undefined>

======================================================================
ERROR: test_message_with_keywords_gets_relevant_faqs (pages.tests.test_integrat
ion_messaging.MessageCreationAndFAQGenerationIntegrationTest.test_message_with_
keywords_gets_relevant_faqs)
INTEGRATION TEST: Keywords in message get matched FAQs
----------------------------------------------------------------------
Traceback (most recent call last):
  File "C:\Users\Microsoft\OneDrive\Documents\Software Engineering\opportunity_
app_srping_2026\opportunity_app_srping_2026\pages\tests\test_integration_messag
ing.py", line 150, in test_message_with_keywords_gets_relevant_faqs
    print(f"\u2713 Message: {message_content}")
  File "C:\Program Files\WindowsApps\PythonSoftwareFoundation.Python.3.12_3.12.
2800.0_x64__qbz5n2kfra8p0\Lib\encodings\cp1252.py", line 19, in encode
    return codecs.charmap_encode(input,self.errors,encoding_table)[0]
           ^^^^^^^^^^^^^^^^^^^^^^^^^^^^^^^^^^^^^^^^^^^^^^^^^^^^^^^
UnicodeEncodeError: 'charmap' codec can't encode character '\u2713' in 
position 0: character maps to <undefined>

======================================================================
ERROR: test_multiple_messages_different_faqs (pages.tests.test_integration_mess
aging.MessageCreationAndFAQGenerationIntegrationTest.test_multiple_messages_dif
ferent_faqs)
INTEGRATION TEST: Different messages generate different FAQs
----------------------------------------------------------------------
Traceback (most recent call last):
  File "C:\Users\Microsoft\OneDrive\Documents\Software Engineering\opportunity_
app_srping_2026\opportunity_app_srping_2026\pages\tests\test_integration_messag
ing.py", line 179, in test_multiple_messages_different_faqs
    print(f"\u2713 Message 1: {msg1_content}")
  File "C:\Program Files\WindowsApps\PythonSoftwareFoundation.Python.3.12_3.12.
2800.0_x64__qbz5n2kfra8p0\Lib\encodings\cp1252.py", line 19, in encode
    return codecs.charmap_encode(input,self.errors,encoding_table)[0]
           ^^^^^^^^^^^^^^^^^^^^^^^^^^^^^^^^^^^^^^^^^^^^^^^^^^^^^^^
UnicodeEncodeError: 'charmap' codec can't encode character '\u2713' in 
position 0: character maps to <undefined>

======================================================================
ERROR: test_response_json_valid_and_parseable (pages.tests.test_integration_mes
saging.MessageCreationAndFAQGenerationIntegrationTest.test_response_json_valid_
and_parseable)
INTEGRATION TEST: API response is valid, parseable JSON
----------------------------------------------------------------------
Traceback (most recent call last):
  File "C:\Users\Microsoft\OneDrive\Documents\Software Engineering\opportunity_
app_srping_2026\opportunity_app_srping_2026\pages\tests\test_integration_messag
ing.py", line 241, in test_response_json_valid_and_parseable
    print(f"\u2713 Serialized to JSON: {len(json_string)} bytes")
  File "C:\Program Files\WindowsApps\PythonSoftwareFoundation.Python.3.12_3.12.
2800.0_x64__qbz5n2kfra8p0\Lib\encodings\cp1252.py", line 19, in encode
    return codecs.charmap_encode(input,self.errors,encoding_table)[0]
           ^^^^^^^^^^^^^^^^^^^^^^^^^^^^^^^^^^^^^^^^^^^^^^^^^^^^^^^
UnicodeEncodeError: 'charmap' codec can't encode character '\u2713' in 
position 0: character maps to <undefined>

======================================================================
FAIL: test_custom_num_suggestions_parameter (pages.tests.test_faq_service.FAQSe
rviceSuggestionGenerationTest.test_custom_num_suggestions_parameter)
Test that num_suggestions parameter is respected
----------------------------------------------------------------------
Traceback (most recent call last):
  File "C:\Users\Microsoft\OneDrive\Documents\Software Engineering\opportunity_
app_srping_2026\opportunity_app_srping_2026\pages\tests\test_faq_service.py", 
line 86, in test_custom_num_suggestions_parameter
    self.assertEqual(len(suggestions_1), 1,
AssertionError: 3 != 1 : Should return 1 suggestion when requested

----------------------------------------------------------------------
Ran 34 tests in 43.572s

FAILED (failures=1, errors=5)
Created: templates/pages/partials\s1_student.html
Created: templates/pages/partials\s1_organization.html
Created: templates/pages/partials\s1_administrator.html
Created: templates/pages/partials\s2_student.html
Created: templates/pages/partials\s2_organization.html
Created: templates/pages/partials\s2_administrator.html
Created: templates/pages/partials\s3_student.html
Created: templates/pages/partials\s3_organization.html
Created: templates/pages/partials\s3_administrator.html
All files created successfully.
Found 34 test(s).
System check identified no issues (0 silenced).

======================================================================
INTEGRATION TEST: FAQ Suggestion Ranking
======================================================================


======================================================================
INTEGRATION TEST: Message Creation and FAQ Generation
======================================================================

======================================================================
INTEGRATION TEST: Keyword Matching in FAQ Generation
======================================================================


======================================================================
INTEGRATION TEST: Different Messages Different FAQs
======================================================================


======================================================================
INTEGRATION TEST: JSON Response Validity
======================================================================

